Archive member included because of file (symbol)

/home/lego/Documents/gnatmindstorms2011/bin/../lib/gcc/arm-eabi/4.5.3/libgcc.a(_udivsi3.o)
                              ./a-reatim.o (__aeabi_uidiv)
/home/lego/Documents/gnatmindstorms2011/bin/../lib/gcc/arm-eabi/4.5.3/libgcc.a(_divsi3.o)
                              ./nxt-audio.o (__aeabi_idiv)
/home/lego/Documents/gnatmindstorms2011/bin/../lib/gcc/arm-eabi/4.5.3/libgcc.a(_dvmd_tls.o)
                              /home/lego/Documents/gnatmindstorms2011/bin/../lib/gcc/arm-eabi/4.5.3/libgcc.a(_udivsi3.o) (__aeabi_idiv0)
/home/lego/Documents/gnatmindstorms2011/bin/../lib/gcc/arm-eabi/4.5.3/libgcc.a(_arm_addsubsf3.o)
                              ./nxt-battery.o (__aeabi_ui2f)
/home/lego/Documents/gnatmindstorms2011/bin/../lib/gcc/arm-eabi/4.5.3/libgcc.a(_arm_muldivsf3.o)
                              ./nxt-battery.o (__aeabi_fmul)
/home/lego/Documents/gnatmindstorms2011/bin/../lib/gcc/arm-eabi/4.5.3/libgcc.a(_aeabi_ldivmod.o)
                              ./a-reatim.o (__aeabi_ldivmod)
/home/lego/Documents/gnatmindstorms2011/bin/../lib/gcc/arm-eabi/4.5.3/libgcc.a(_aeabi_uldivmod.o)
                              ./a-reatim.o (__aeabi_uldivmod)
/home/lego/Documents/gnatmindstorms2011/bin/../lib/gcc/arm-eabi/4.5.3/libgcc.a(bpabi.o)
                              /home/lego/Documents/gnatmindstorms2011/bin/../lib/gcc/arm-eabi/4.5.3/libgcc.a(_aeabi_ldivmod.o) (__gnu_ldivmod_helper)
/home/lego/Documents/gnatmindstorms2011/bin/../lib/gcc/arm-eabi/4.5.3/libgcc.a(_divdi3.o)
                              /home/lego/Documents/gnatmindstorms2011/bin/../lib/gcc/arm-eabi/4.5.3/libgcc.a(bpabi.o) (__divdi3)
/home/lego/Documents/gnatmindstorms2011/bin/../lib/gcc/arm-eabi/4.5.3/libgcc.a(_udivdi3.o)
                              /home/lego/Documents/gnatmindstorms2011/bin/../lib/gcc/arm-eabi/4.5.3/libgcc.a(bpabi.o) (__udivdi3)
/home/lego/Documents/gnatmindstorms2011/bin/../lib/gcc/arm-eabi/4.5.3/libgcc.a(_clzsi2.o)
                              /home/lego/Documents/gnatmindstorms2011/bin/../lib/gcc/arm-eabi/4.5.3/libgcc.a(_divdi3.o) (__clzsi2)

Memory Configuration

Name             Origin             Length             Attributes
vector_ram       0x00200000         0x00000040
ram              0x00202000         0x0000e000
*default*        0x00000000         0xffffffff

Linker script and memory map

LOAD b~tests.o
LOAD vectors.o
LOAD init.o
LOAD main.o
LOAD irq.o
LOAD context_switch-bb-arm.o
LOAD ./ada.o
LOAD ./interfac.o
LOAD ./i-c.o
LOAD ./system.o
LOAD ./a-except.o
LOAD ./s-bb.o
LOAD ./s-maccod.o
LOAD ./s-parame.o
LOAD ./s-stoele.o
LOAD ./s-bbpara.o
LOAD ./s-bbpere.o
LOAD ./s-multip.o
LOAD ./s-bcprmu.o
LOAD ./s-bbperi.o
LOAD ./s-bbthqu.o
LOAD ./s-bbthre.o
LOAD ./s-bbinte.o
LOAD ./s-bbtime.o
LOAD ./s-bbcppr.o
LOAD ./s-bbprot.o
LOAD ./s-musplo.o
LOAD ./s-osinte.o
LOAD ./s-mufalo.o
LOAD ./s-tasinf.o
LOAD ./s-taspri.o
LOAD ./s-tasdeb.o
LOAD ./s-taprop.o
LOAD ./s-unstyp.o
LOAD ./a-reatim.o
LOAD ./a-retide.o
LOAD ./s-taskin.o
LOAD ./s-secsta.o
LOAD ./s-taprob.o
LOAD ./s-tpobmu.o
LOAD ./s-tposen.o
LOAD ./s-interr.o
LOAD ./a-interr.o
LOAD ./s-tasres.o
LOAD ./s-tarest.o
LOAD ./memory_compare.o
LOAD ./memory_copy.o
LOAD ./memory_set.o
LOAD ./nxt.o
LOAD ./nxt-registers.o
LOAD ./nxt-audio.o
LOAD ./nxt-bc4-messages.o
LOAD ./nxt-bc4.o
LOAD ./nxt-bluetooth.o
LOAD ./nxt-buffers.o
LOAD ./nxt-bc4-io.o
LOAD ./nxt-filtering.o
LOAD ./nxt-last_chance.o
LOAD ./nxt-fonts.o
LOAD ./nxt-motor_encoders.o
LOAD ./nxt-priorities.o
LOAD ./nxt-spi.o
LOAD ./nxt-lcd.o
LOAD ./nxt-display.o
LOAD ./nxt-twi.o
LOAD ./nxt-avr_io.o
LOAD ./nxt-avr.o
LOAD ./nxt-battery.o
LOAD ./menus.o
LOAD ./menu_tests.o
LOAD ./menu_sounds.o
LOAD ./menu_motors.o
LOAD ./menu_bt.o
LOAD ./tests.o
LOAD /home/lego/Documents/gnatmindstorms2011/bin/../lib/gcc/arm-eabi/4.5.3/libgcc.a
LOAD /home/lego/Documents/gnatmindstorms2011/lib/gcc/arm-eabi/4.5.3/rts-ravenscar-sfp/adalib/libgnarl.a
LOAD /home/lego/Documents/gnatmindstorms2011/lib/gcc/arm-eabi/4.5.3/rts-ravenscar-sfp/adalib/libgnat.a
                0x00200000                RAM_BASE = 0x200000
                0x00010000                RAM_SIZE = 0x10000

.vectors        0x00200000       0x40 load address 0x00202000
 *(.vectors)
 .vectors       0x00200000       0x3c vectors.o
                0x00200040                . = ALIGN (0x10)
 *fill*         0x0020003c        0x4 00
                0x00200000                __vectors_ram_start__ = ADDR (.vectors)
                0x00200040                __vectors_ram_end__ = (ADDR (.vectors) + SIZEOF (.vectors))
                0x00202000                __vectors_load_start__ = LOADADDR (.vectors)
                0x00202040                __vectors_load_end__ = (LOADADDR (.vectors) + SIZEOF (.vectors))

.text           0x00202040     0x9c60
                0x00202040                . = ALIGN (0x10)
 *(*.text *.text.* *.glue*)
 .glue_7        0x00000000        0x0 linker stubs
 .glue_7t       0x00000000        0x0 linker stubs
 .text          0x00202040      0x300 b~tests.o
                0x00202040                adainit
                0x00202320                main
 .text          0x00202340        0x0 vectors.o
 .text          0x00202340      0x270 init.o
                0x00202340                start
                0x0020249c                undef_handler
                0x002024a0                swi_handler
                0x002024a4                prefetch_abort_handler
                0x002024a8                data_abort_handler
                0x002024c4                reserved_handler
 .text          0x002025b0       0x38 main.o
                0x002025b0                nxt_main
                0x002025c0                data_abort_pc
                0x002025c4                data_abort_C
                0x002025c8                __aeabi_unwind_cpp_pr0
 .text          0x002025e8       0x48 irq.o
                0x002025e8                irq_handler
 .text          0x00202630       0x2c context_switch-bb-arm.o
                0x00202630                context_switch
 .text          0x0020265c        0x0 ./ada.o
 .text          0x0020265c        0x0 ./interfac.o
 .text          0x0020265c        0x8 ./i-c.o
                0x0020265c                interfaces__c__char_arrayIP
                0x00202660                interfaces__c__wchar_arrayIP
 .text          0x00202664        0x0 ./system.o
 .text          0x00202664       0x10 ./a-except.o
                0x00202664                ada__exceptions__raise_exception
 .text          0x00202674        0x0 ./s-bb.o
 .text          0x00202674        0x8 ./s-maccod.o
                0x00202674                system__machine_code__asm_input_operand_listIP
                0x00202678                system__machine_code__asm_output_operand_listIP
 .text          0x0020267c        0xc ./s-parame.o
                0x0020267c                system__parameters__adjust_storage_size
 .text          0x00202688       0x58 ./s-stoele.o
                0x00202688                system__storage_elements__storage_arrayIP
                0x0020268c                system__storage_elements__to_address
                0x00202690                system__storage_elements__to_integer
                0x00202694                system__storage_elements__Oadd
                0x0020269c                system__storage_elements__Oadd__2
                0x002026a4                system__storage_elements__Osubtract
                0x002026ac                system__storage_elements__Osubtract__2
                0x002026b4                system__storage_elements__Omod
 .text          0x002026e0        0x0 ./s-bbpara.o
 .text          0x002026e0        0xc ./s-bbpere.o
                0x002026e0                system__bb__peripherals__registers__Taic_smr_arrayBIP
                0x002026e4                system__bb__peripherals__registers__Taic_svr_arrayBIP
                0x002026e8                system__bb__peripherals__registers__Tadc_cdrBIP
 .text          0x002026ec        0x8 ./s-multip.o
                0x002026ec                system__multiprocessors__number_of_cpus
 .text          0x002026f4       0x14 ./s-bcprmu.o
                0x002026f4                system__bb__cpu_primitives__multiprocessors__current_cpu
                0x002026fc                system__bb__cpu_primitives__multiprocessors__poke_cpu
                0x00202700                system__bb__cpu_primitives__multiprocessors__start_cpu
                0x00202704                system__bb__cpu_primitives__multiprocessors__start_all_cpus
 .text          0x00202708       0x1c ./s-bbperi.o
                0x00202708                system__bb__peripherals__initialize_board
                0x0020270c                system__bb__peripherals__level_of_interrupt
                0x00202714                system__bb__peripherals__priority_of_interrupt
                0x0020271c                system__bb__peripherals__ticks_per_second
 .text          0x00202724      0x36c ./s-bbthqu.o
                0x00202724                system__bb__threads__queues__change_priority
                0x0020279c                system__bb__threads__queues__current_priority
                0x002027cc                system__bb__threads__queues__extract
                0x00202804                system__bb__threads__queues__extract_first_alarm
                0x00202840                system__bb__threads__queues__first_thread
                0x00202868                system__bb__threads__queues__get_next_alarm_time
                0x0020288c                system__bb__threads__queues__insert
                0x00202920                system__bb__threads__queues__insert_alarm
                0x002029ac                system__bb__threads__queues__running_thread
                0x002029d0                system__bb__threads__queues__wakeup_expired_alarms
                0x00202a1c                system__bb__threads__queues__yield
 .text          0x00202a90      0x314 ./s-bbthre.o
                0x00202a90                system__bb__threads__thread_descriptorIP
                0x00202aa4                system__bb__threads__Tslave_stacksBIP
                0x00202aa8                system__bb__threads__Tslave_stacks_tableBIP
                0x00202aac                system__bb__threads__get_affinity
                0x00202ab4                system__bb__threads__get_cpu
                0x00202ac4                system__bb__threads__get_atcb
                0x00202ad8                system__bb__threads__get_priority
                0x00202ae0                system__bb__threads__initialize
                0x00202bb4                system__bb__threads__initialize_slave_environment
                0x00202c4c                system__bb__threads__set_atcb
                0x00202c64                system__bb__threads__set_priority
                0x00202c88                system__bb__threads__sleep
                0x00202cc4                system__bb__threads__thread_create
                0x00202d5c                system__bb__threads__thread_self
                0x00202d6c                system__bb__threads__wakeup
 .text          0x00202da4      0x1e0 ./s-bbinte.o
                0x00202da8                system__bb__interrupts__Tinterrupt_handlersBIP
                0x00202ddc                system__bb__interrupts__attach_handler__2
                0x00202e00                system__bb__interrupts__attach_handler
                0x00202e28                system__bb__interrupts__current_interrupt
                0x00202e38                irq_handler_ada
                0x00202ebc                system__bb__interrupts__within_interrupt_stack
                0x00202ec4                system__bb__interrupts__initialize_interrupts
                0x00202f2c                system__bb__interrupts__enable_interrupt
                0x00202f48                system__bb__interrupts__disable_interrupt
                0x00202f64                system__bb__interrupts___elabb
 .text          0x00202f84      0x10c ./s-bbtime.o
                0x00202fd8                system__bb__time__update_alarm
                0x00202fdc                system__bb__time__clock
                0x00202fec                system__bb__time__delay_until
                0x00203040                system__bb__time__get_next_timeout
                0x00203050                system__bb__time__initialize_timers
 .text          0x00203090       0x40 ./s-bbcppr.o
                0x00203090                system__bb__cpu_primitives__Tcontext_bufferBIP
                0x00203094                system__bb__cpu_primitives__initialize_context
                0x002030a4                system__bb__cpu_primitives__initialize_floating_point
                0x002030a8                system__bb__cpu_primitives__disable_interrupts
                0x002030b8                system__bb__cpu_primitives__enable_interrupts
 .text          0x002030d0      0x11c ./s-bbprot.o
                0x002030d0                system__bb__protection__enter_kernel
                0x002030e0                context_switch_needed
                0x00203100                system__bb__protection__leave_kernel
 .text          0x002031ec       0x24 ./s-musplo.o
                0x002031ec                system__multiprocessors__spin_locks__spin_lockIP
                0x002031f8                system__multiprocessors__spin_locks__lock
                0x002031fc                system__multiprocessors__spin_locks__locked
                0x00203204                system__multiprocessors__spin_locks__try_lock
                0x0020320c                system__multiprocessors__spin_locks__unlock
 .text          0x00203210        0x0 ./s-osinte.o
 .text          0x00203210      0x110 ./s-mufalo.o
                0x00203210                system__multiprocessors__fair_locks__Tspinning_arrayBIP
                0x00203214                system__multiprocessors__fair_locks__fair_lockIP
                0x00203224                system__multiprocessors__fair_locks__initialize
                0x00203244                system__multiprocessors__fair_locks__lock
                0x002032ac                system__multiprocessors__fair_locks__locked
                0x002032c0                system__multiprocessors__fair_locks__next_spinning
                0x002032d0                system__multiprocessors__fair_locks__try_lock
                0x002032e4                system__multiprocessors__fair_locks__unlock
 .text          0x00203320        0x0 ./s-tasinf.o
 .text          0x00203320       0x1c ./s-taspri.o
                0x00203320                system__task_primitives__private_dataIP
 .text          0x0020333c       0x24 ./s-tasdeb.o
                0x0020333c                system__tasking__debug__add_task_id
 .text          0x00203360      0x1a8 ./s-taprop.o
                0x00203360                system__task_primitives__operations__self
                0x00203370                system__task_primitives__operations__sleep
                0x00203380                system__task_primitives__operations__delay_until
                0x002033b0                system__task_primitives__operations__monotonic_clock
                0x002033c0                system__task_primitives__operations__wakeup
                0x002033d4                system__task_primitives__operations__set_priority
                0x002033e8                system__task_primitives__operations__get_priority
                0x002033fc                system__task_primitives__operations__get_affinity
                0x00203410                system__task_primitives__operations__get_cpu
                0x00203424                system__task_primitives__operations__get_thread_id
                0x0020342c                system__task_primitives__operations__enter_task
                0x00203458                system__task_primitives__operations__initialize_tcb
                0x00203460                system__task_primitives__operations__create_task
                0x002034a0                system__task_primitives__operations__initialize
                0x002034c8                system__task_primitives__operations__initialize_slave
                0x002034ec                system__task_primitives__operations__is_task_context
 .text          0x00203508        0x4 ./s-unstyp.o
                0x00203508                system__unsigned_types__packed_bytes1IP
 .text          0x0020350c      0x7a4 ./a-reatim.o
                0x0020350c                ada__real_time__Omultiply
                0x00203618                ada__real_time__Omultiply__2
                0x0020362c                ada__real_time__Oadd
                0x00203690                ada__real_time__Oadd__2
                0x002036f4                ada__real_time__Oadd__3
                0x0020374c                ada__real_time__Osubtract
                0x002037b4                ada__real_time__Osubtract__2
                0x00203830                ada__real_time__Osubtract__3
                0x00203890                ada__real_time__Osubtract__4
                0x002038c8                ada__real_time__Odivide
                0x00203948                ada__real_time__Odivide__2
                0x00203998                ada__real_time__clock
                0x002039a8                ada__real_time__microseconds
                0x002039e4                ada__real_time__milliseconds
                0x00203a1c                ada__real_time__minutes
                0x00203a4c                ada__real_time__nanoseconds
                0x00203a88                ada__real_time__seconds
                0x00203ab4                ada__real_time__split
                0x00203afc                ada__real_time__time_of
                0x00203b24                ada__real_time__to_duration
                0x00203c20                ada__real_time__to_time_span
                0x00203c64                ada__real_time___elabb
                0x00203c74                ada__real_time___elabs
 .text          0x00203cb0       0x40 ./a-retide.o
                0x00203cb0                ada__real_time__delays__delay_until
                0x00203ce4                ada__real_time__delays__to_duration
 .text          0x00203cf0      0x2d0 ./s-taskin.o
                0x00203cf0                system__tasking__E5sIP
                0x00203cfc                system__tasking__activation_chainIP
                0x00203d08                system__tasking__Tenvironment_tableBIP
                0x00203d0c                __gnat_get_secondary_stack
                0x00203d20                system__tasking__initialize_atcb
                0x00203d8c                system__tasking__initialize
                0x00203f00                __gnat_initialize_slave
                0x00203fa8                system__tasking__self
                0x00203fb8                system__tasking__storage_size
 .text          0x00203fc0       0x8c ./s-secsta.o
                0x00203fc0                system__secondary_stack__memoryIP
                0x00203fc4                system__secondary_stack__ss_allocate
                0x0020400c                system__secondary_stack__ss_init
                0x00204020                system__secondary_stack__ss_mark
                0x00204034                system__secondary_stack__ss_release
 .text          0x0020404c       0xf8 ./s-taprob.o
                0x0020404c                system__tasking__protected_objects__entry_bodyIP
                0x0020405c                system__tasking__protected_objects__protectionIP
                0x00204070                system__tasking__protected_objects__initialize_protection
                0x00204098                system__tasking__protected_objects__lock
                0x00204104                system__tasking__protected_objects__unlock
                0x00204134                system__tasking__protected_objects___elabb
 .text          0x00204144      0x14c ./s-tpobmu.o
                0x00204144                system__tasking__protected_objects__multiprocessors__wakeup_served_entry
                0x002041ac                system__tasking__protected_objects__multiprocessors__entry_call_listIP
                0x002041c0                system__tasking__protected_objects__multiprocessors__served
                0x00204260                system__tasking__protected_objects__multiprocessors___elabb
 .text          0x00204290      0x1ec ./s-tposen.o
                0x00204290                system__tasking__protected_objects__single_entry__complete_single_entry_body
                0x00204294                system__tasking__protected_objects__single_entry__initialize_protection_entry
                0x002042c8                system__tasking__protected_objects__single_entry__lock_entry
                0x002042dc                system__tasking__protected_objects__single_entry__protected_count_entry
                0x002042ec                system__tasking__protected_objects__single_entry__protected_single_entry_call
                0x002043d0                system__tasking__protected_objects__single_entry__protected_single_entry_caller
                0x002043dc                system__tasking__protected_objects__single_entry__service_entry
                0x00204468                system__tasking__protected_objects__single_entry__unlock_entry
 .text          0x0020447c      0x144 ./s-interr.o
                0x0020447c                system__interrupts__default_handler
                0x002044ac                system__interrupts__E3sIP
                0x002044b8                system__interrupts__handler_itemIP
                0x002044c8                system__interrupts__handler_arrayIP
                0x00204508                system__interrupts__install_handler
                0x00204548                system__interrupts__install_restricted_handlers
 .text          0x002045c0       0xb0 ./a-interr.o
                0x002045c0                ada__interrupts__E3sIP
                0x002045cc                ada__interrupts__attach_handler
                0x002045e8                ada__interrupts__current_handler
                0x002045fc                ada__interrupts__detach_handler
                0x00204610                ada__interrupts__exchange_handler
                0x00204634                ada__interrupts__is_attached
                0x00204648                ada__interrupts__is_reserved
                0x0020465c                ada__interrupts__reference
 .text          0x00204670        0x0 ./s-tasres.o
 .text          0x00204670      0x248 ./s-tarest.o
                0x00204720                system__tasking__restricted__stages__activate_restricted_tasks
                0x002047b4                system__tasking__restricted__stages__complete_restricted_activation
                0x002047b8                system__tasking__restricted__stages__complete_restricted_task
                0x002047d0                system__tasking__restricted__stages__create_restricted_task
                0x0020487c                system__tasking__restricted__stages__finalize_global_tasks
                0x00204894                system__tasking__restricted__stages__restricted_terminated
                0x002048a8                system__tasking__restricted__stages___elabb
 .text          0x002048b8       0x6c ./memory_compare.o
                0x002048b8                memcmp
 .text          0x00204924       0xe8 ./memory_copy.o
                0x00204924                memcpy
                0x00204974                memmove
 .text          0x00204a0c       0x4c ./memory_set.o
                0x00204a0c                memset
 .text          0x00204a58        0x0 ./nxt.o
 .text          0x00204a58        0x0 ./nxt-registers.o
 .text          0x00204a58      0xa7c ./nxt-audio.o
                0x00204fbc                nxt__audio__waveformIP
                0x00204fc0                nxt__audio__Tsample_bufferBIP
                0x00204fc4                nxt__audio__Tdouble_bufferBIP
                0x00204fc8                nxt__audio__TamplificationBIP
                0x00204fcc                nxt__audio__generatorTVIP
                0x00205030                nxt__audio__Tsound_sampleBIP
                0x00205034                nxt__audio__play_tone
                0x002052a0                nxt__audio__play_sample
                0x0020535c                nxt__audio__time_remaining
                0x00205420                nxt__audio__mute
                0x00205430                nxt__audio__unmute
                0x00205440                nxt__audio___elabb
 .text          0x002054d4        0x0 ./nxt-bc4-messages.o
 .text          0x002054d4      0x5bc ./nxt-bc4.o
                0x002054f8                nxt__bc4__TbufferBIP
                0x002054fc                nxt__bc4__Tdouble_bufferBIP
                0x00205500                nxt__bc4__initialize_device
                0x00205698                nxt__bc4__send
                0x002056b0                nxt__bc4__receive
                0x00205994                nxt__bc4__reset_device
                0x00205a44                nxt__bc4__enter_command_mode
                0x00205a54                nxt__bc4__enter_data_mode
                0x00205a64                nxt__bc4__current_mode
                0x00205a70                nxt__bc4___elabb
 .text          0x00205a90      0x940 ./nxt-bluetooth.o
                0x00205a90                nxt__bluetooth__Tbt_addressBIP
                0x00205a94                nxt__bluetooth__Tfriendly_nameBIP
                0x00205a98                nxt__bluetooth__Tclass_serviceBIP
                0x00205a9c                nxt__bluetooth__Tpin_codeBIP
                0x00205aa0                nxt__bluetooth__deviceIP
                0x00205aa4                nxt__bluetooth__device_listIP
                0x00205aa8                nxt__bluetooth__initialize
                0x00205abc                nxt__bluetooth__convert_to_friendly_name
                0x00205c1c                nxt__bluetooth__convert_to_device
                0x00205c60                nxt__bluetooth__convert_to_packet
                0x00205ca4                nxt__bluetooth__start_data
                0x00205d00                nxt__bluetooth__pause
                0x00205d30                nxt__bluetooth__connect
                0x00205dd0                nxt__bluetooth__accept_connection
                0x00205f00                nxt__bluetooth__add_known_device
                0x00205fa8                nxt__bluetooth__set_discoverable
                0x00206008                nxt__bluetooth__find_discoverable_devices
                0x0020621c                nxt__bluetooth__get_known_peers
                0x00206364                nxt__bluetooth__set_friendly_name
 .text          0x002063d0        0x0 ./nxt-buffers.o
 .text          0x002063d0      0x268 ./nxt-bc4-io.o
                0x002063d0                nxt__bc4__io__packetIP
                0x002063d4                nxt__bc4__io__send_packet
                0x00206548                nxt__bc4__io__receive_packet
 .text          0x00206638        0x0 ./nxt-filtering.o
 .text          0x00206638       0xa4 ./nxt-last_chance.o
                0x00206638                __gnat_last_chance_handler
 .text          0x002066dc        0x0 ./nxt-fonts.o
 .text          0x002066dc      0x158 ./nxt-motor_encoders.o
                0x00206774                nxt__motor_encoders__TcountersBIP
                0x00206778                nxt__motor_encoders__Tpin_arrayBIP
                0x0020677c                nxt__motor_encoders__pioTVIP
                0x002067cc                nxt__motor_encoders___elabb
 .text          0x00206834        0x0 ./nxt-priorities.o
 .text          0x00206834      0x1fc ./nxt-spi.o
                0x002068a8                nxt__spi__spiTVIP
                0x002068fc                nxt__spi__send
                0x00206978                nxt__spi___elabb
 .text          0x00206a30      0x134 ./nxt-lcd.o
                0x00206a30                nxt__lcd__lcd_lineIP
                0x00206a34                nxt__lcd__command
                0x00206a54                nxt__lcd__set_all_pixels_on
                0x00206a64                nxt__lcd__set_inverse_display
                0x00206a74                nxt__lcd__write
                0x00206af8                nxt__lcd__power_on
 .text          0x00206b64      0x648 ./nxt-display.o
                0x00206b64                nxt__display__TscreenBIP
                0x00206b68                nxt__display__screen_update
                0x00206c78                nxt__display__clear_screen_noupdate
                0x00206cc8                nxt__display__clear_screen
                0x00206cd8                nxt__display__set_pos
                0x00206cec                nxt__display__newline_noupdate
                0x00206d88                nxt__display__put_noupdate
                0x00206e34                nxt__display__put
                0x00206e44                nxt__display__put_noupdate__2
                0x00206e88                nxt__display__put__2
                0x00206e98                nxt__display__put_line
                0x00206eac                nxt__display__newline
                0x00206ebc                nxt__display__put_hex
                0x00206ef8                nxt__display__put_hex__2
                0x00206f34                nxt__display__put_hex__3
                0x00206f64                nxt__display__put_noupdate__3
                0x00207038                nxt__display__put_noupdate__4
                0x00207160                put_exception
                0x0020719c                nxt__display___elabb
 .text          0x002071ac      0x328 ./nxt-twi.o
                0x0020739c                nxt__twi__twiTVIP
                0x002073f4                nxt__twi__send
                0x00207420                nxt__twi__recv
                0x0020744c                nxt__twi___elabb
 .text          0x002074d4      0x37c ./nxt-avr_io.o
                0x002074d4                nxt__avr_io__Tpwm_output_valuesBIP
                0x002074d8                nxt__avr_io__Tmotor_braking_modesBIP
                0x002074dc                nxt__avr_io__Tport_bitsBIP
                0x002074e0                nxt__avr_io__sensor_power_controlIP
                0x002074e4                nxt__avr_io__outgoing_avr_messageIP
                0x002074e8                nxt__avr_io__Traw_adc_inputsBIP
                0x002074ec                nxt__avr_io__incoming_avr_messageIP
                0x002074f0                nxt__avr_io__Toutgoing_message_as_bytesBIP
                0x002074f4                nxt__avr_io__Tincoming_message_as_bytesBIP
                0x002074f8                nxt__avr_io__send_initialization
                0x0020751c                nxt__avr_io__send_to_avr
                0x0020757c                nxt__avr_io__receive_from_avr
                0x002075ec                nxt__avr_io__power_down_message
                0x002075f8                nxt__avr_io__set_sensor_power_message
                0x00207734                nxt__avr_io__set_motor_message
                0x002077e8                nxt__avr_io__raw_inputs
                0x00207804                nxt__avr_io__decoded_button
                0x00207848                nxt__avr_io__battery_reading
 .text          0x00207850      0x63c ./nxt-avr.o
                0x00207850                nxt__avr__outgoing_messages__insertXn
                0x00207904                nxt__avr__outgoing_messages__removeXn
                0x002079c8                nxt__avr__outgoing_messages__emptyXn
                0x002079ec                nxt__avr__outgoing_messages__fullXn
                0x00207a14                nxt__avr__outgoing_messages__clearXn
                0x00207a48                nxt__avr__outgoing_messages__extentXn
                0x00207a64                nxt__avr__button_inputs__filteredXn
                0x00207ab8                nxt__avr__outgoing_messages__contentIPXn
                0x00207abc                nxt__avr__outgoing_messages__bufferIPXn
                0x00207af0                nxt__avr__button_inputs__filterIPXn
                0x00207b08                nxt__avr__pumpTKVIP
                0x00207b94                nxt__avr__power_down
                0x00207cf4                nxt__avr__set_power
                0x00207d30                nxt__avr__set_input_power
                0x00207d64                nxt__avr__await_data_available
                0x00207dd8                nxt__avr___elabb
 .text          0x00207e8c       0x5c ./nxt-battery.o
                0x00207e8c                nxt__battery__millivolts
                0x00207eb4                nxt__battery__volts
                0x00207ed4                nxt__battery__rechargeable
 .text          0x00207ee8      0x288 ./menus.o
                0x00207ee8                menus__menu_entryIP
                0x00207efc                menus__menuIP
                0x00207f40                menus__wait_ms
                0x00207f70                menus__pressed_key
                0x00207fb0                menus__play_menu
                0x00208120                menus__wait_key
 .text          0x00208170      0x1f8 ./menu_tests.o
                0x00208348                menu_tests__do_menu_tests
 .text          0x00208368      0x104 ./menu_sounds.o
                0x00208368                menu_sounds__do_menu_sounds
 .text          0x0020846c      0x34c ./menu_motors.o
                0x00208794                menu_motors__Tspeed_arrayBIP
                0x00208798                menu_motors__do_menu_motors
 .text          0x002087b8     0x11b8 ./menu_bt.o
                0x0020991c                menu_bt__do_menu_bt
 .text          0x00209970      0x114 ./tests.o
                0x00209970                _ada_tests
 .text          0x00209a84      0x114 /home/lego/Documents/gnatmindstorms2011/bin/../lib/gcc/arm-eabi/4.5.3/libgcc.a(_udivsi3.o)
                0x00209a84                __udivsi3
                0x00209a84                __aeabi_uidiv
                0x00209b78                __aeabi_uidivmod
 .text          0x00209b98      0x148 /home/lego/Documents/gnatmindstorms2011/bin/../lib/gcc/arm-eabi/4.5.3/libgcc.a(_divsi3.o)
                0x00209b98                __aeabi_idiv
                0x00209b98                __divsi3
                0x00209cc0                __aeabi_idivmod
 .text          0x00209ce0        0x4 /home/lego/Documents/gnatmindstorms2011/bin/../lib/gcc/arm-eabi/4.5.3/libgcc.a(_dvmd_tls.o)
                0x00209ce0                __aeabi_ldiv0
                0x00209ce0                __aeabi_idiv0
 .text          0x00209ce4      0x2ac /home/lego/Documents/gnatmindstorms2011/bin/../lib/gcc/arm-eabi/4.5.3/libgcc.a(_arm_addsubsf3.o)
                0x00209ce4                __aeabi_frsub
                0x00209cec                __subsf3
                0x00209cec                __aeabi_fsub
                0x00209cf0                __aeabi_fadd
                0x00209cf0                __addsf3
                0x00209eac                __aeabi_ui2f
                0x00209eac                __floatunsisf
                0x00209eb4                __aeabi_i2f
                0x00209eb4                __floatsisf
                0x00209ed4                __floatundisf
                0x00209ed4                __aeabi_ul2f
                0x00209ee4                __floatdisf
                0x00209ee4                __aeabi_l2f
 .text          0x00209f90      0x2f8 /home/lego/Documents/gnatmindstorms2011/bin/../lib/gcc/arm-eabi/4.5.3/libgcc.a(_arm_muldivsf3.o)
                0x00209f90                __mulsf3
                0x00209f90                __aeabi_fmul
                0x0020a128                __divsf3
                0x0020a128                __aeabi_fdiv
 .text          0x0020a288       0x44 /home/lego/Documents/gnatmindstorms2011/bin/../lib/gcc/arm-eabi/4.5.3/libgcc.a(_aeabi_ldivmod.o)
                0x0020a288                __aeabi_ldivmod
 .text          0x0020a2cc       0x3c /home/lego/Documents/gnatmindstorms2011/bin/../lib/gcc/arm-eabi/4.5.3/libgcc.a(_aeabi_uldivmod.o)
                0x0020a2cc                __aeabi_uldivmod
 .text          0x0020a308       0x80 /home/lego/Documents/gnatmindstorms2011/bin/../lib/gcc/arm-eabi/4.5.3/libgcc.a(bpabi.o)
                0x0020a308                __gnu_ldivmod_helper
                0x0020a348                __gnu_uldivmod_helper
 .text          0x0020a388      0x4b8 /home/lego/Documents/gnatmindstorms2011/bin/../lib/gcc/arm-eabi/4.5.3/libgcc.a(_divdi3.o)
                0x0020a388                __divdi3
 .text          0x0020a840      0x44c /home/lego/Documents/gnatmindstorms2011/bin/../lib/gcc/arm-eabi/4.5.3/libgcc.a(_udivdi3.o)
                0x0020a840                __udivdi3
 .text          0x0020ac8c       0x48 /home/lego/Documents/gnatmindstorms2011/bin/../lib/gcc/arm-eabi/4.5.3/libgcc.a(_clzsi2.o)
                0x0020ac8c                __clzsi2
                0x0020ace0                . = ALIGN (0x10)
 *fill*         0x0020acd4        0xc 00
 *(*.rodata *.rodata.*)
 .rodata        0x0020ace0      0x208 b~tests.o
                0x0020ace0                __gnat_ada_main_program_name
                0x0020acec                __gnat_version
                0x0020ad10                testsB
                0x0020ad14                adaS
                0x0020ad18                ada__real_timeB
                0x0020ad1c                ada__real_timeS
                0x0020ad20                systemS
                0x0020ad24                system__task_primitivesS
                0x0020ad28                system__os_interfaceS
                0x0020ad2c                system__bbS
                0x0020ad30                system__bb__cpu_primitivesB
                0x0020ad34                system__bb__cpu_primitivesS
                0x0020ad38                interfacesS
                0x0020ad3c                system__bb__interruptsB
                0x0020ad40                system__bb__interruptsS
                0x0020ad44                system__bb__peripheralsB
                0x0020ad48                system__bb__peripheralsS
                0x0020ad4c                system__bb__peripherals__registersS
                0x0020ad50                system__bb__timeB
                0x0020ad54                system__bb__timeS
                0x0020ad58                system__bb__protectionB
                0x0020ad5c                system__bb__protectionS
                0x0020ad60                system__bb__parametersS
                0x0020ad64                system__parametersB
                0x0020ad68                system__parametersS
                0x0020ad6c                system__storage_elementsB
                0x0020ad70                system__storage_elementsS
                0x0020ad74                system__bb__threadsB
                0x0020ad78                system__bb__threadsS
                0x0020ad7c                system__bb__cpu_primitives__multiprocessorsB
                0x0020ad80                system__bb__cpu_primitives__multiprocessorsS
                0x0020ad84                system__multiprocessorsB
                0x0020ad88                system__multiprocessorsS
                0x0020ad8c                system__bb__threads__queuesB
                0x0020ad90                system__bb__threads__queuesS
                0x0020ad94                system__machine_codeS
                0x0020ad98                system__task_primitives__operationsB
                0x0020ad9c                system__task_primitives__operationsS
                0x0020ada0                system__taskingB
                0x0020ada4                system__taskingS
                0x0020ada8                ada__exceptionsB
                0x0020adac                ada__exceptionsS
                0x0020adb0                system__secondary_stackB
                0x0020adb4                system__secondary_stackS
                0x0020adb8                system__task_infoB
                0x0020adbc                system__task_infoS
                0x0020adc0                system__tasking__debugB
                0x0020adc4                system__tasking__debugS
                0x0020adc8                ada__real_time__delaysB
                0x0020adcc                ada__real_time__delaysS
                0x0020add0                menu_testsB
                0x0020add4                menu_testsS
                0x0020add8                menu_btB
                0x0020addc                menu_btS
                0x0020ade0                menusB
                0x0020ade4                menusS
                0x0020ade8                nxtS
                0x0020adec                nxt__avrB
                0x0020adf0                nxt__avrS
                0x0020adf4                memory_compareB
                0x0020adf8                memory_compareS
                0x0020adfc                interfaces__cS
                0x0020ae00                nxt__avr_ioB
                0x0020ae04                nxt__avr_ioS
                0x0020ae08                memory_setB
                0x0020ae0c                memory_setS
                0x0020ae10                nxt__twiB
                0x0020ae14                nxt__twiS
                0x0020ae18                ada__interruptsB
                0x0020ae1c                ada__interruptsS
                0x0020ae20                system__interruptsB
                0x0020ae24                system__interruptsS
                0x0020ae28                system__tasking__protected_objectsB
                0x0020ae2c                system__tasking__protected_objectsS
                0x0020ae30                system__multiprocessors__fair_locksB
                0x0020ae34                system__multiprocessors__fair_locksS
                0x0020ae38                system__multiprocessors__spin_locksB
                0x0020ae3c                system__multiprocessors__spin_locksS
                0x0020ae40                system__tasking__protected_objects__single_entryB
                0x0020ae44                system__tasking__protected_objects__single_entryS
                0x0020ae48                system__tasking__protected_objects__multiprocessorsB
                0x0020ae4c                system__tasking__protected_objects__multiprocessorsS
                0x0020ae50                nxt__displayB
                0x0020ae54                nxt__displayS
                0x0020ae58                memory_copyB
                0x0020ae5c                memory_copyS
                0x0020ae60                nxt__fontsS
                0x0020ae64                nxt__lcdB
                0x0020ae68                nxt__lcdS
                0x0020ae6c                nxt__spiB
                0x0020ae70                nxt__spiS
                0x0020ae74                nxt__registersS
                0x0020ae78                system__unsigned_typesS
                0x0020ae7c                nxt__buffersB
                0x0020ae80                nxt__buffersS
                0x0020ae84                nxt__filteringB
                0x0020ae88                nxt__filteringS
                0x0020ae8c                nxt__prioritiesS
                0x0020ae90                system__tasking__restricted__stagesB
                0x0020ae94                system__tasking__restricted__stagesS
                0x0020ae98                system__tasking__restrictedS
                0x0020ae9c                nxt__bc4B
                0x0020aea0                nxt__bc4S
                0x0020aea4                nxt__bc4__messagesS
                0x0020aea8                nxt__bc4__ioB
                0x0020aeac                nxt__bc4__ioS
                0x0020aeb0                nxt__bluetoothB
                0x0020aeb4                nxt__bluetoothS
                0x0020aeb8                menu_motorsB
                0x0020aebc                menu_motorsS
                0x0020aec0                nxt__motor_encodersB
                0x0020aec4                nxt__motor_encodersS
                0x0020aec8                menu_soundsB
                0x0020aecc                menu_soundsS
                0x0020aed0                nxt__audioB
                0x0020aed4                nxt__audioS
                0x0020aed8                nxt__batteryB
                0x0020aedc                nxt__batteryS
                0x0020aee0                nxt__last_chanceB
                0x0020aee4                nxt__last_chanceS
 .rodata        0x0020aee8        0x8 ./i-c.o
                0x0020aee8                interfaces__c__nul
                0x0020aeec                interfaces__c__wide_nul
 .rodata        0x0020aef0       0x30 ./system.o
                0x0020aef0                system__system_name
                0x0020aef1                system__default_bit_order
                0x0020aef4                system__max_priority
                0x0020aef8                system__max_interrupt_priority
                0x0020aefc                system__default_priority
                0x0020af00                system__null_address
                0x0020af04                system__backend_divide_checks
                0x0020af05                system__backend_overflow_checks
                0x0020af06                system__command_line_args
                0x0020af07                system__configurable_run_time
                0x0020af08                system__denorm
                0x0020af09                system__duration_32_bits
                0x0020af0a                system__exit_status_supported
                0x0020af0b                system__fractional_fixed_ops
                0x0020af0c                system__frontend_layout
                0x0020af0d                system__machine_overflows
                0x0020af0e                system__machine_rounds
                0x0020af0f                system__preallocated_stacks
                0x0020af10                system__signed_zeros
                0x0020af11                system__stack_check_default
                0x0020af12                system__stack_check_probes
                0x0020af13                system__stack_check_limits
                0x0020af14                system__support_64_bit_divides
                0x0020af15                system__support_aggregates
                0x0020af16                system__support_composite_assign
                0x0020af17                system__support_composite_compare
                0x0020af18                system__support_long_shifts
                0x0020af19                system__always_compatible_rep
                0x0020af1a                system__suppress_standard_library
                0x0020af1b                system__use_ada_main_program_name
                0x0020af1c                system__zcx_by_default
                0x0020af1d                system__gcc_zcx_support
 .rodata        0x0020af20        0x4 ./a-except.o
                0x0020af20                ada__exceptions__null_id
 .rodata        0x0020af24        0x8 ./s-maccod.o
                0x0020af24                system__machine_code__no_input_operands
                0x0020af28                system__machine_code__no_output_operands
 .rodata        0x0020af2c       0x30 ./s-parame.o
                0x0020af2c                system__parameters__unspecified_size
                0x0020af30                system__parameters__dynamic
                0x0020af34                system__parameters__sec_stack_ratio
                0x0020af38                system__parameters__sec_stack_dynamic
                0x0020af3c                system__parameters__default_stack_size
                0x0020af40                system__parameters__minimum_stack_size
                0x0020af44                system__parameters__stack_grows_down
                0x0020af48                system__parameters__c_malloc_linkname
                0x0020af58                system__parameters__garbage_collected
                0x0020af59                system__parameters__single_lock
                0x0020af5a                system__parameters__no_abort
                0x0020af5b                system__parameters__runtime_traces
 .rodata        0x0020af5c        0xd ./s-stoele.o
 *fill*         0x0020af69        0x3 00
 .rodata        0x0020af6c        0xc ./s-bbpara.o
                0x0020af6c                system__bb__parameters__clock_frequency
                0x0020af70                system__bb__parameters__interrupt_levels
                0x0020af74                system__bb__parameters__multiprocessor
 .rodata        0x0020af78        0x1 ./s-multip.o
                0x0020af78                system__multiprocessors__not_a_specific_cpu
 *fill*         0x0020af79        0x3 00
 .rodata        0x0020af7c        0x4 ./s-bbthre.o
                0x0020af7c                system__bb__threads__null_thread_id
 .rodata        0x0020af80        0xc ./s-bbinte.o
                0x0020af88                system__bb__interrupts__no_interrupt
 .rodata        0x0020af8c        0x8 ./s-bbtime.o
                0x0020af8c                system__bb__time__tick
                0x0020af90                system__bb__time__ticks_per_second
 .rodata        0x0020af94       0x14 ./s-bbcppr.o
                0x0020af94                system__bb__cpu_primitives__flag_f
                0x0020af98                system__bb__cpu_primitives__flag_i
                0x0020af9c                system__bb__cpu_primitives__sp
                0x0020afa0                system__bb__cpu_primitives__lr
                0x0020afa4                system__bb__cpu_primitives__arg
 .rodata        0x0020afa8        0xc ./s-osinte.o
                0x0020afa8                system__os_interface__no_interrupt
                0x0020afac                system__os_interface__null_thread_id
                0x0020afb0                system__os_interface__lwp_self
 .rodata        0x0020afb4        0x1 ./s-mufalo.o
                0x0020afb4                system__multiprocessors__fair_locks__multiprocessor
 .rodata        0x0020afb5        0x1 ./s-tasinf.o
                0x0020afb5                system__task_info__unspecified_task_info
 *fill*         0x0020afb6        0x2 00
 .rodata        0x0020afb8       0x40 ./a-reatim.o
                0x0020afc8                ada__real_time__time_first
                0x0020afcc                ada__real_time__time_last
                0x0020afd0                ada__real_time__time_span_first
                0x0020afd8                ada__real_time__time_span_last
                0x0020afe0                ada__real_time__time_span_zero
                0x0020afe8                ada__real_time__time_span_unit
                0x0020aff0                ada__real_time__tick
 .rodata        0x0020aff8        0xd ./a-retide.o
 *fill*         0x0020b005        0x3 00
 .rodata        0x0020b008       0x24 ./s-taskin.o
                0x0020b020                system__tasking__null_task
                0x0020b024                system__tasking__library_task_level
                0x0020b028                system__tasking__unspecified_priority
 .rodata        0x0020b02c        0xd ./s-secsta.o
 *fill*         0x0020b039        0x3 00
 .rodata        0x0020b03c       0x14 ./s-taprob.o
                0x0020b04c                system__tasking__protected_objects__null_po
 .rodata        0x0020b050        0xe ./s-tposen.o
                0x0020b05d                system__tasking__protected_objects__single_entry__multiprocessor
 *fill*         0x0020b05e        0x2 00
 .rodata        0x0020b060        0x4 ./s-interr.o
                0x0020b060                system__interrupts__default_interrupt_priority
 .rodata        0x0020b064        0xd ./a-interr.o
 *fill*         0x0020b071        0x3 00
 .rodata        0x0020b074       0x28 ./s-tarest.o
 .rodata        0x0020b09c       0x13 ./memory_compare.o
 .rodata        0x0020b0af       0x10 ./memory_copy.o
 .rodata        0x0020b0bf        0xf ./memory_set.o
 *fill*         0x0020b0ce        0x2 00
 .rodata        0x0020b0d0       0xe4 ./nxt-audio.o
 .rodata        0x0020b1b4       0x3d ./nxt-bc4-messages.o
                0x0020b1b4                nxt__bc4__messages__msg_begin_inquiry
                0x0020b1b5                nxt__bc4__messages__msg_cancel_inquiry
                0x0020b1b6                nxt__bc4__messages__msg_connect
                0x0020b1b7                nxt__bc4__messages__msg_open_port
                0x0020b1b8                nxt__bc4__messages__msg_lookup_name
                0x0020b1b9                nxt__bc4__messages__msg_add_device
                0x0020b1ba                nxt__bc4__messages__msg_remove_device
                0x0020b1bb                nxt__bc4__messages__msg_dump_list
                0x0020b1bc                nxt__bc4__messages__msg_close_connection
                0x0020b1bd                nxt__bc4__messages__msg_accept_connection
                0x0020b1be                nxt__bc4__messages__msg_pin_code
                0x0020b1bf                nxt__bc4__messages__msg_open_stream
                0x0020b1c0                nxt__bc4__messages__msg_start_heart
                0x0020b1c1                nxt__bc4__messages__msg_heartbeat
                0x0020b1c2                nxt__bc4__messages__msg_inquiry_running
                0x0020b1c3                nxt__bc4__messages__msg_inquiry_result
                0x0020b1c4                nxt__bc4__messages__msg_inquiry_stopped
                0x0020b1c5                nxt__bc4__messages__msg_lookup_name_result
                0x0020b1c6                nxt__bc4__messages__msg_lookup_name_failure
                0x0020b1c7                nxt__bc4__messages__msg_connect_result
                0x0020b1c8                nxt__bc4__messages__msg_reset_indication
                0x0020b1c9                nxt__bc4__messages__msg_request_pin_code
                0x0020b1ca                nxt__bc4__messages__msg_request_connection
                0x0020b1cb                nxt__bc4__messages__msg_list_result
                0x0020b1cc                nxt__bc4__messages__msg_list_item
                0x0020b1cd                nxt__bc4__messages__msg_list_dump_stopped
                0x0020b1ce                nxt__bc4__messages__msg_close_connection_result
                0x0020b1cf                nxt__bc4__messages__msg_port_open_result
                0x0020b1d0                nxt__bc4__messages__msg_set_discoverable
                0x0020b1d1                nxt__bc4__messages__msg_close_port
                0x0020b1d2                nxt__bc4__messages__msg_close_port_result
                0x0020b1d3                nxt__bc4__messages__msg_pin_code_ack
                0x0020b1d4                nxt__bc4__messages__msg_discoverable_ack
                0x0020b1d5                nxt__bc4__messages__msg_set_friendly_name
                0x0020b1d6                nxt__bc4__messages__msg_set_friendly_name_ack
                0x0020b1d7                nxt__bc4__messages__msg_get_link_quality
                0x0020b1d8                nxt__bc4__messages__msg_link_quality_result
                0x0020b1d9                nxt__bc4__messages__msg_set_factory_settings
                0x0020b1da                nxt__bc4__messages__msg_set_factory_settings_ack
                0x0020b1db                nxt__bc4__messages__msg_get_local_addr
                0x0020b1dc                nxt__bc4__messages__msg_get_local_addr_result
                0x0020b1dd                nxt__bc4__messages__msg_get_friendly_name
                0x0020b1de                nxt__bc4__messages__msg_get_discoverable
                0x0020b1df                nxt__bc4__messages__msg_get_port_open
                0x0020b1e0                nxt__bc4__messages__msg_get_friendly_name_result
                0x0020b1e1                nxt__bc4__messages__msg_get_discoverable_result
                0x0020b1e2                nxt__bc4__messages__msg_get_port_open_result
                0x0020b1e3                nxt__bc4__messages__msg_get_version
                0x0020b1e4                nxt__bc4__messages__msg_get_version_result
                0x0020b1e5                nxt__bc4__messages__msg_get_brick_statusbyte_result
                0x0020b1e6                nxt__bc4__messages__msg_set_brick_statusbyte_result
                0x0020b1e7                nxt__bc4__messages__msg_get_brick_statusbyte
                0x0020b1e8                nxt__bc4__messages__msg_set_brick_statusbyte
                0x0020b1e9                nxt__bc4__messages__msg_get_operating_mode
                0x0020b1ea                nxt__bc4__messages__msg_set_operating_mode
                0x0020b1eb                nxt__bc4__messages__msg_set_operating_mode_result
                0x0020b1ec                nxt__bc4__messages__msg_get_connection_status
                0x0020b1ed                nxt__bc4__messages__msg_connection_status_result
                0x0020b1ee                nxt__bc4__messages__msg_goto_dfumode
                0x0020b1ef                nxt__bc4__messages__stream_breaking_mode
                0x0020b1f0                nxt__bc4__messages__dont_break_stream_mode
 .rodata        0x0020b1f1        0xc ./nxt-bc4.o
 *fill*         0x0020b1fd        0x3 00
 .rodata        0x0020b200       0x5c ./nxt-bluetooth.o
 .rodata        0x0020b25c        0xf ./nxt-bc4-io.o
 *fill*         0x0020b26b        0x1 00
 .rodata        0x0020b26c       0x38 ./nxt-last_chance.o
 .rodata        0x0020b2a4      0x1dc ./nxt-fonts.o
                0x0020b2a4                nxt__fonts__font5x8
 .rodata        0x0020b480       0x20 ./nxt-motor_encoders.o
 .rodata        0x0020b4a0        0x4 ./nxt-priorities.o
                0x0020b4a0                nxt__priorities__avr_io_pump_priority
 .rodata        0x0020b4a4        0x8 ./nxt-spi.o
 .rodata        0x0020b4ac       0x34 ./nxt-display.o
 .rodata        0x0020b4e0       0x14 ./nxt-twi.o
 .rodata        0x0020b4f4       0x50 ./nxt-avr_io.o
                0x0020b4f4                nxt__avr_io__avr_string
                0x0020b534                nxt__avr_io__null_outgoing_msg
                0x0020b540                nxt__avr_io__avr_address
 .rodata        0x0020b544       0x1c ./nxt-avr.o
                0x0020b55c                nxt__avr__button_inputs__no_valueXn
 .rodata        0x0020b560       0x20 ./menus.o
 .rodata        0x0020b580      0x118 ./menu_tests.o
 .rodata        0x0020b698       0x44 ./menu_sounds.o
 *fill*         0x0020b6dc        0x4 00
 .rodata        0x0020b6e0      0x138 ./menu_motors.o
 .rodata        0x0020b818      0x400 ./menu_bt.o
 .rodata        0x0020bc18       0x7c ./tests.o
                0x0020bca0                . = ALIGN (0x10)
 *fill*         0x0020bc94        0xc 00

.vfp11_veneer   0x00200040        0x0
 .vfp11_veneer  0x00000000        0x0 linker stubs

.v4_bx          0x00200040        0x0
 .v4_bx         0x00000000        0x0 linker stubs

.ARM.extab      0x0020bca0        0x0
 *(.ARM.extab* .gnu.linkonce.armextab.*)
 .ARM.extab     0x0020bca0        0x0 /home/lego/Documents/gnatmindstorms2011/bin/../lib/gcc/arm-eabi/4.5.3/libgcc.a(bpabi.o)
 .ARM.extab     0x0020bca0        0x0 /home/lego/Documents/gnatmindstorms2011/bin/../lib/gcc/arm-eabi/4.5.3/libgcc.a(_divdi3.o)
 .ARM.extab     0x0020bca0        0x0 /home/lego/Documents/gnatmindstorms2011/bin/../lib/gcc/arm-eabi/4.5.3/libgcc.a(_udivdi3.o)
                0x0020bca0                PROVIDE (__exidx_start, .)

.ARM.exidx      0x0020bca0       0x20
 *(.ARM.exidx* .gnu.linkonce.armexidx.*)
 .ARM.exidx     0x0020bca0        0x8 /home/lego/Documents/gnatmindstorms2011/bin/../lib/gcc/arm-eabi/4.5.3/libgcc.a(bpabi.o)
                                 0x10 (size before relaxing)
 .ARM.exidx     0x0020bca8        0x8 /home/lego/Documents/gnatmindstorms2011/bin/../lib/gcc/arm-eabi/4.5.3/libgcc.a(_divdi3.o)
 .ARM.exidx     0x0020bcb0       0x10 /home/lego/Documents/gnatmindstorms2011/bin/../lib/gcc/arm-eabi/4.5.3/libgcc.a(_udivdi3.o)
                                  0x8 (size before relaxing)
                0x0020bcc0                PROVIDE (__exidx_end, .)

.ram_text       0x0020bcc0        0x0
                0x0020bcc0                . = ALIGN (0x10)
 *.oram(*.text *.text.* *.glue*)
                0x0020bcc0                . = ALIGN (0x10)
 *.oram(*.rodata *.rodata.*)
                0x0020bcc0                . = ALIGN (0x10)
                0x0020bcc0                __ramtext_ram_start__ = ADDR (.ram_text)
                0x0020bcc0                __ramtext_ram_end__ = (ADDR (.ram_text) + SIZEOF (.ram_text))
                0x0020bcc0                __ramtext_load_start__ = LOADADDR (.ram_text)
                0x0020bcc0                __ramtext_load_end__ = (__ramtext_load_start__ + SIZEOF (.ram_text))

.data           0x0020bcc0      0x110
 *(*.data *.data.*)
 .data          0x0020bcc0        0x2 b~tests.o
                0x0020bcc0                ada_main_E
 .data          0x0020bcc2        0x0 vectors.o
 .data          0x0020bcc2        0x0 init.o
 .data          0x0020bcc2        0x0 main.o
 .data          0x0020bcc2        0x0 irq.o
 .data          0x0020bcc2        0x0 context_switch-bb-arm.o
 .data          0x0020bcc2        0x2 ./ada.o
                0x0020bcc2                ada_E
 .data          0x0020bcc4        0x2 ./interfac.o
                0x0020bcc4                interfaces_E
 .data          0x0020bcc6        0x2 ./i-c.o
                0x0020bcc6                interfaces__c_E
 .data          0x0020bcc8        0x2 ./system.o
                0x0020bcc8                system_E
 .data          0x0020bcca        0x2 ./a-except.o
                0x0020bcca                ada__exceptions_E
 .data          0x0020bccc        0x2 ./s-bb.o
                0x0020bccc                system__bb_E
 .data          0x0020bcce        0x2 ./s-maccod.o
                0x0020bcce                system__machine_code_E
 .data          0x0020bcd0        0x2 ./s-parame.o
                0x0020bcd0                system__parameters_E
 .data          0x0020bcd2        0x2 ./s-stoele.o
                0x0020bcd2                system__storage_elements_E
 .data          0x0020bcd4        0x2 ./s-bbpara.o
                0x0020bcd4                system__bb__parameters_E
 .data          0x0020bcd6        0x2 ./s-bbpere.o
                0x0020bcd6                system__bb__peripherals__registers_E
 .data          0x0020bcd8        0x2 ./s-multip.o
                0x0020bcd8                system__multiprocessors_E
 .data          0x0020bcda        0x2 ./s-bcprmu.o
                0x0020bcda                system__bb__cpu_primitives__multiprocessors_E
 .data          0x0020bcdc        0x2 ./s-bbperi.o
                0x0020bcdc                system__bb__peripherals_E
 *fill*         0x0020bcde        0x2 00
 .data          0x0020bce0       0x14 ./s-bbthqu.o
                0x0020bce0                first_thread_table
                0x0020bce4                __gnat_running_thread_table
                0x0020bce8                system__bb__threads__queues__alarms_table
                0x0020bcec                system__bb__threads__queues_E
                0x0020bcf0                system__bb__threads__queues__global_list
 .data          0x0020bcf4        0x4 ./s-bbthre.o
                0x0020bcf4                system__bb__threads__initialized
                0x0020bcf6                system__bb__threads_E
 .data          0x0020bcf8        0x8 ./s-bbinte.o
                0x0020bcf8                system__bb__interrupts__interrupt_being_handled
                0x0020bcfc                system__bb__interrupts_E
 .data          0x0020bd00        0x2 ./s-bbtime.o
                0x0020bd00                system__bb__time_E
 .data          0x0020bd02        0x2 ./s-bbcppr.o
                0x0020bd02                system__bb__cpu_primitives_E
 .data          0x0020bd04        0x8 ./s-bbprot.o
                0x0020bd04                system__bb__protection_E
                0x0020bd08                system__bb__protection__wakeup_served_entry_callback
 .data          0x0020bd0c        0x4 ./s-musplo.o
                0x0020bd0c                system__multiprocessors__spin_locks_E
                0x0020bd0e                system__multiprocessors__spin_locks__unlocked
 .data          0x0020bd10        0x2 ./s-osinte.o
                0x0020bd10                system__os_interface_E
 .data          0x0020bd12        0x2 ./s-mufalo.o
                0x0020bd12                system__multiprocessors__fair_locks_E
 .data          0x0020bd14        0x2 ./s-tasinf.o
                0x0020bd14                system__task_info_E
 .data          0x0020bd16        0x2 ./s-taspri.o
                0x0020bd16                system__task_primitives_E
 .data          0x0020bd18        0xc ./s-tasdeb.o
                0x0020bd18                system__tasking__debug__last_task
                0x0020bd1c                system__tasking__debug__first_task
                0x0020bd20                system__tasking__debug_E
 .data          0x0020bd24        0x2 ./s-taprop.o
                0x0020bd24                system__task_primitives__operations_E
 .data          0x0020bd26        0x2 ./s-unstyp.o
                0x0020bd26                system__unsigned_types_E
 .data          0x0020bd28        0x2 ./a-reatim.o
                0x0020bd28                ada__real_time_E
 .data          0x0020bd2a        0x2 ./a-retide.o
                0x0020bd2a                ada__real_time__delays_E
 .data          0x0020bd2c       0x18 ./s-taskin.o
                0x0020bd30                __gl_main_cpu
                0x0020bd34                __gl_main_priority
                0x0020bd38                system__tasking__fall_back_handler
                0x0020bd40                system__tasking_E
 .data          0x0020bd44        0x2 ./s-secsta.o
                0x0020bd44                system__secondary_stack_E
 .data          0x0020bd46        0x2 ./s-taprob.o
                0x0020bd46                system__tasking__protected_objects_E
 .data          0x0020bd48        0x2 ./s-tpobmu.o
                0x0020bd48                system__tasking__protected_objects__multiprocessors_E
 .data          0x0020bd4a        0x2 ./s-tposen.o
                0x0020bd4a                system__tasking__protected_objects__single_entry_E
 .data          0x0020bd4c        0x2 ./s-interr.o
                0x0020bd4c                system__interrupts_E
 .data          0x0020bd4e        0x2 ./a-interr.o
                0x0020bd4e                ada__interrupts_E
 .data          0x0020bd50        0x2 ./s-tasres.o
                0x0020bd50                system__tasking__restricted_E
 .data          0x0020bd52        0x2 ./s-tarest.o
                0x0020bd52                system__tasking__restricted__stages_E
 .data          0x0020bd54        0x2 ./memory_compare.o
                0x0020bd54                memory_compare_E
 .data          0x0020bd56        0x2 ./memory_copy.o
                0x0020bd56                memory_copy_E
 .data          0x0020bd58        0x2 ./memory_set.o
                0x0020bd58                memory_set_E
 .data          0x0020bd5a        0x2 ./nxt.o
                0x0020bd5a                nxt_E
 .data          0x0020bd5c        0x0 ./nxt-registers.o
 .data          0x0020bd5c        0x2 ./nxt-audio.o
                0x0020bd5c                nxt__audio_E
 .data          0x0020bd5e        0x2 ./nxt-bc4-messages.o
                0x0020bd5e                nxt__bc4__messages_E
 .data          0x0020bd60        0x8 ./nxt-bc4.o
                0x0020bd60                nxt__bc4__buf_ptr
                0x0020bd64                nxt__bc4_E
 .data          0x0020bd68        0x2 ./nxt-bluetooth.o
                0x0020bd68                nxt__bluetooth_E
 .data          0x0020bd6a        0x2 ./nxt-buffers.o
                0x0020bd6a                nxt__buffers_E
 .data          0x0020bd6c        0x2 ./nxt-bc4-io.o
                0x0020bd6c                nxt__bc4__io_E
 .data          0x0020bd6e        0x2 ./nxt-filtering.o
                0x0020bd6e                nxt__filtering_E
 .data          0x0020bd70        0x2 ./nxt-last_chance.o
                0x0020bd70                nxt__last_chance_E
 .data          0x0020bd72        0x2 ./nxt-fonts.o
                0x0020bd72                nxt__fonts_E
 .data          0x0020bd74       0x10 ./nxt-motor_encoders.o
                0x0020bd74                nxt__motor_encoders__encoder_count
                0x0020bd80                nxt__motor_encoders_E
 .data          0x0020bd84        0x2 ./nxt-priorities.o
                0x0020bd84                nxt__priorities_E
 *fill*         0x0020bd86        0x2 00
 .data          0x0020bd88        0xc ./nxt-spi.o
                0x0020bd90                nxt__spi_E
 .data          0x0020bd94        0x2 ./nxt-lcd.o
                0x0020bd94                nxt__lcd_E
 .data          0x0020bd96        0x2 ./nxt-display.o
                0x0020bd96                nxt__display_E
 .data          0x0020bd98        0xc ./nxt-twi.o
                0x0020bda0                nxt__twi_E
 .data          0x0020bda4        0xc ./nxt-avr_io.o
                0x0020bda4                nxt__avr_io__current_power_settings
                0x0020bda8                nxt__avr_io__current_output_modes
                0x0020bdac                nxt__avr_io__current_input_power
                0x0020bdae                nxt__avr_io_E
 .data          0x0020bdb0        0x4 ./nxt-avr.o
                0x0020bdb2                nxt__avr_E
 .data          0x0020bdb4        0x2 ./nxt-battery.o
                0x0020bdb4                nxt__battery_E
 .data          0x0020bdb6        0x2 ./menus.o
                0x0020bdb6                menus_E
 .data          0x0020bdb8        0x2 ./menu_tests.o
                0x0020bdb8                menu_tests_E
 .data          0x0020bdba        0x2 ./menu_sounds.o
                0x0020bdba                menu_sounds_E
 .data          0x0020bdbc        0x8 ./menu_motors.o
                0x0020bdc2                menu_motors_E
 .data          0x0020bdc4        0xc ./menu_bt.o
                0x0020bdcc                menu_bt_E
 .data          0x0020bdd0        0x0 ./tests.o
 .data          0x0020bdd0        0x0 /home/lego/Documents/gnatmindstorms2011/bin/../lib/gcc/arm-eabi/4.5.3/libgcc.a(_udivsi3.o)
 .data          0x0020bdd0        0x0 /home/lego/Documents/gnatmindstorms2011/bin/../lib/gcc/arm-eabi/4.5.3/libgcc.a(_divsi3.o)
 .data          0x0020bdd0        0x0 /home/lego/Documents/gnatmindstorms2011/bin/../lib/gcc/arm-eabi/4.5.3/libgcc.a(_dvmd_tls.o)
 .data          0x0020bdd0        0x0 /home/lego/Documents/gnatmindstorms2011/bin/../lib/gcc/arm-eabi/4.5.3/libgcc.a(_arm_addsubsf3.o)
 .data          0x0020bdd0        0x0 /home/lego/Documents/gnatmindstorms2011/bin/../lib/gcc/arm-eabi/4.5.3/libgcc.a(_arm_muldivsf3.o)
 .data          0x0020bdd0        0x0 /home/lego/Documents/gnatmindstorms2011/bin/../lib/gcc/arm-eabi/4.5.3/libgcc.a(_aeabi_ldivmod.o)
 .data          0x0020bdd0        0x0 /home/lego/Documents/gnatmindstorms2011/bin/../lib/gcc/arm-eabi/4.5.3/libgcc.a(_aeabi_uldivmod.o)
 .data          0x0020bdd0        0x0 /home/lego/Documents/gnatmindstorms2011/bin/../lib/gcc/arm-eabi/4.5.3/libgcc.a(bpabi.o)
 .data          0x0020bdd0        0x0 /home/lego/Documents/gnatmindstorms2011/bin/../lib/gcc/arm-eabi/4.5.3/libgcc.a(_divdi3.o)
 .data          0x0020bdd0        0x0 /home/lego/Documents/gnatmindstorms2011/bin/../lib/gcc/arm-eabi/4.5.3/libgcc.a(_udivdi3.o)
 .data          0x0020bdd0        0x0 /home/lego/Documents/gnatmindstorms2011/bin/../lib/gcc/arm-eabi/4.5.3/libgcc.a(_clzsi2.o)
                0x0020bdd0                . = ALIGN (0x10)
                0x0020bcc0                __data_ram_start__ = ADDR (.data)
                0x0020bdd0                __data_ram_end__ = (ADDR (.data) + SIZEOF (.data))
                0x0020bcc0                __data_load_start__ = LOADADDR (.data)
                0x0020bdd0                __data_load_end__ = (__data_load_start__ + SIZEOF (.data))

.stack          0x0020bdd0      0x480
                0x0020be50                . = (. + 0x80)
 *fill*         0x0020bdd0       0x80 00
                0x0020be50                . = ALIGN (0x10)
                0x0020be50                __irq_stack__ = .
                0x0020be50                __system_stack_bottom__ = .
                0x0020be50                __stack_bottom = .
                0x0020c250                . = (. + 0x400)
 *fill*         0x0020be50      0x400 00
                0x0020c250                . = ALIGN (0x10)
                0x0020c250                __system_stack__ = .
                0x0020c250                __stack_top = .
                0x0020c250                __system_stack_top__ = .
                0x0020bdd0                __stack_start__ = ADDR (.stack)
                0x0020c250                __stack_end__ = (ADDR (.stack) + SIZEOF (.stack))

.bss            0x0020c250     0x2420
 *(*.bss *.bss.*)
 .bss           0x0020c250        0x0 b~tests.o
 .bss           0x0020c250        0x0 vectors.o
 .bss           0x0020c250        0x0 init.o
 .bss           0x0020c250        0x0 main.o
 .bss           0x0020c250        0x0 irq.o
 .bss           0x0020c250        0x0 context_switch-bb-arm.o
 .bss           0x0020c250        0x0 ./ada.o
 .bss           0x0020c250        0x0 ./interfac.o
 .bss           0x0020c250        0x0 ./i-c.o
 .bss           0x0020c250        0x0 ./system.o
 .bss           0x0020c250        0x0 ./a-except.o
 .bss           0x0020c250        0x0 ./s-bb.o
 .bss           0x0020c250        0x0 ./s-maccod.o
 .bss           0x0020c250        0x0 ./s-parame.o
 .bss           0x0020c250        0x0 ./s-stoele.o
 .bss           0x0020c250        0x0 ./s-bbpara.o
 .bss           0x0020c250        0x0 ./s-bbpere.o
 .bss           0x0020c250        0x0 ./s-multip.o
 .bss           0x0020c250        0x0 ./s-bcprmu.o
 .bss           0x0020c250        0x0 ./s-bbperi.o
 .bss           0x0020c250        0x0 ./s-bbthqu.o
 .bss           0x0020c250      0x408 ./s-bbthre.o
                0x0020c250                system__bb__threads__slave_stacks
                0x0020c650                slave_stack_table
 .bss           0x0020c658       0x80 ./s-bbinte.o
                0x0020c658                system__bb__interrupts__interrupt_handlers
 .bss           0x0020c6d8        0x4 ./s-bbtime.o
 .bss           0x0020c6dc        0x0 ./s-bbcppr.o
 .bss           0x0020c6dc        0x0 ./s-bbprot.o
 .bss           0x0020c6dc        0x0 ./s-musplo.o
 .bss           0x0020c6dc        0x0 ./s-osinte.o
 .bss           0x0020c6dc        0x0 ./s-mufalo.o
 .bss           0x0020c6dc        0x0 ./s-tasinf.o
 .bss           0x0020c6dc        0x0 ./s-taspri.o
 .bss           0x0020c6dc        0x0 ./s-tasdeb.o
 .bss           0x0020c6dc        0x0 ./s-taprop.o
 .bss           0x0020c6dc        0x0 ./s-unstyp.o
 *fill*         0x0020c6dc        0x4 00
 .bss           0x0020c6e0        0x8 ./a-reatim.o
                0x0020c6e0                ada__real_time__time_unit
 .bss           0x0020c6e8        0x0 ./a-retide.o
 .bss           0x0020c6e8      0x2b0 ./s-taskin.o
                0x0020c990                tasking_error
 .bss           0x0020c998        0x4 ./s-secsta.o
                0x0020c998                system__secondary_stack__ss_pool
 .bss           0x0020c99c        0x0 ./s-taprob.o
 .bss           0x0020c99c        0x8 ./s-tpobmu.o
 .bss           0x0020c9a4        0x0 ./s-tposen.o
 .bss           0x0020c9a4      0x108 ./s-interr.o
                0x0020c9a4                system__interrupts__user_handlers
 .bss           0x0020caac        0x0 ./a-interr.o
 .bss           0x0020caac        0x0 ./s-tasres.o
 .bss           0x0020caac        0x0 ./s-tarest.o
 .bss           0x0020caac        0x0 ./memory_compare.o
 .bss           0x0020caac        0x0 ./memory_copy.o
 .bss           0x0020caac        0x0 ./memory_set.o
 .bss           0x0020caac        0x0 ./nxt.o
 .bss           0x0020caac        0x0 ./nxt-registers.o
 .bss           0x0020caac      0x334 ./nxt-audio.o
 .bss           0x0020cde0        0x0 ./nxt-bc4-messages.o
 .bss           0x0020cde0      0x110 ./nxt-bc4.o
                0x0020cde8                nxt__bc4__index
                0x0020cdec                nxt__bc4__current_buffer
                0x0020cdf0                nxt__bc4__incoming
 .bss           0x0020cef0        0x1 ./nxt-bluetooth.o
                0x0020cef0                nxt__bluetooth__handle
 .bss           0x0020cef1        0x0 ./nxt-buffers.o
 *fill*         0x0020cef1        0x3 00
 .bss           0x0020cef4      0x200 ./nxt-bc4-io.o
 .bss           0x0020d0f4        0x0 ./nxt-filtering.o
 .bss           0x0020d0f4        0x0 ./nxt-last_chance.o
 .bss           0x0020d0f4        0x0 ./nxt-fonts.o
 .bss           0x0020d0f4       0x10 ./nxt-motor_encoders.o
 .bss           0x0020d104        0x0 ./nxt-priorities.o
 .bss           0x0020d104       0x24 ./nxt-spi.o
 .bss           0x0020d128        0x0 ./nxt-lcd.o
 .bss           0x0020d128       0x88 ./nxt-display.o
 .bss           0x0020d1b0       0x2c ./nxt-twi.o
 .bss           0x0020d1dc        0x0 ./nxt-avr_io.o
 *fill*         0x0020d1dc        0x4 00
 .bss           0x0020d1e0     0x1130 ./nxt-avr.o
                0x0020d23c                nxt__avr__button
                0x0020d240                nxt__avr__raw_input
                0x0020d248                nxt__avr__raw_battery
 .bss           0x0020e310        0x0 ./nxt-battery.o
 .bss           0x0020e310        0x0 ./menus.o
 .bss           0x0020e310        0x0 ./menu_tests.o
 .bss           0x0020e310        0x0 ./menu_sounds.o
 .bss           0x0020e310        0x0 ./menu_motors.o
 .bss           0x0020e310      0x360 ./menu_bt.o
 .bss           0x0020e670        0x0 ./tests.o
 .bss           0x0020e670        0x0 /home/lego/Documents/gnatmindstorms2011/bin/../lib/gcc/arm-eabi/4.5.3/libgcc.a(_udivsi3.o)
 .bss           0x0020e670        0x0 /home/lego/Documents/gnatmindstorms2011/bin/../lib/gcc/arm-eabi/4.5.3/libgcc.a(_divsi3.o)
 .bss           0x0020e670        0x0 /home/lego/Documents/gnatmindstorms2011/bin/../lib/gcc/arm-eabi/4.5.3/libgcc.a(_dvmd_tls.o)
 .bss           0x0020e670        0x0 /home/lego/Documents/gnatmindstorms2011/bin/../lib/gcc/arm-eabi/4.5.3/libgcc.a(_arm_addsubsf3.o)
 .bss           0x0020e670        0x0 /home/lego/Documents/gnatmindstorms2011/bin/../lib/gcc/arm-eabi/4.5.3/libgcc.a(_arm_muldivsf3.o)
 .bss           0x0020e670        0x0 /home/lego/Documents/gnatmindstorms2011/bin/../lib/gcc/arm-eabi/4.5.3/libgcc.a(_aeabi_ldivmod.o)
 .bss           0x0020e670        0x0 /home/lego/Documents/gnatmindstorms2011/bin/../lib/gcc/arm-eabi/4.5.3/libgcc.a(_aeabi_uldivmod.o)
 .bss           0x0020e670        0x0 /home/lego/Documents/gnatmindstorms2011/bin/../lib/gcc/arm-eabi/4.5.3/libgcc.a(bpabi.o)
 .bss           0x0020e670        0x0 /home/lego/Documents/gnatmindstorms2011/bin/../lib/gcc/arm-eabi/4.5.3/libgcc.a(_divdi3.o)
 .bss           0x0020e670        0x0 /home/lego/Documents/gnatmindstorms2011/bin/../lib/gcc/arm-eabi/4.5.3/libgcc.a(_udivdi3.o)
[...]
system__bb__threads__queues__yield                ./s-bbthqu.o
                                                  ./s-bbtime.o
system__bb__threads__set_atcb                     ./s-bbthre.o
                                                  ./s-taprop.o
system__bb__threads__set_priority                 ./s-bbthre.o
                                                  ./s-taprop.o
system__bb__threads__slave_stacks                 ./s-bbthre.o
system__bb__threads__thread_create                ./s-bbthre.o
                                                  ./s-taprop.o
system__bb__threads__thread_descriptorIP          ./s-bbthre.o
system__bb__threads__thread_self                  ./s-bbthre.o
                                                  ./s-bbtime.o
                                                  ./s-bbinte.o
system__bb__threads__wakeup                       ./s-bbthre.o
                                                  ./s-taprop.o
system__bb__timeB                                 b~tests.o
system__bb__timeS                                 b~tests.o
system__bb__time_E                                ./s-bbtime.o
system__bb__time__clock                           ./s-bbtime.o
                                                  ./s-taprop.o
                                                  ./s-bbprot.o
                                                  ./s-bbthqu.o
system__bb__time__delay_until                     ./s-bbtime.o
                                                  ./s-taprop.o
system__bb__time__get_next_timeout                ./s-bbtime.o
                                                  ./s-bbthqu.o
system__bb__time__initialize_timers               ./s-bbtime.o
                                                  ./s-bbthre.o
system__bb__time__tick                            ./s-bbtime.o
system__bb__time__ticks_per_second                ./s-bbtime.o
system__bb__time__update_alarm                    ./s-bbtime.o
                                                  ./s-bbthqu.o
system__command_line_args                         ./system.o
system__configurable_run_time                     ./system.o
system__default_bit_order                         ./system.o
system__default_priority                          ./system.o
system__denorm                                    ./system.o
system__duration_32_bits                          ./system.o
system__exit_status_supported                     ./system.o
system__fractional_fixed_ops                      ./system.o
system__frontend_layout                           ./system.o
system__gcc_zcx_support                           ./system.o
system__interruptsB                               b~tests.o
system__interruptsS                               b~tests.o
system__interrupts_E                              ./s-interr.o
system__interrupts__E3sIP                         ./s-interr.o
system__interrupts__default_handler               ./s-interr.o
system__interrupts__default_interrupt_priority    ./s-interr.o
system__interrupts__handler_arrayIP               ./s-interr.o
system__interrupts__handler_itemIP                ./s-interr.o
system__interrupts__install_handler               ./s-interr.o
system__interrupts__install_restricted_handlers   ./s-interr.o
                                                  ./nxt-twi.o
                                                  ./nxt-spi.o
                                                  ./nxt-motor_encoders.o
                                                  ./nxt-audio.o
system__interrupts__user_handlers                 ./s-interr.o
system__machine_codeS                             b~tests.o
system__machine_code_E                            ./s-maccod.o
system__machine_code__asm_input_operand_listIP    ./s-maccod.o
system__machine_code__asm_output_operand_listIP   ./s-maccod.o
system__machine_code__no_input_operands           ./s-maccod.o
system__machine_code__no_output_operands          ./s-maccod.o
system__machine_overflows                         ./system.o
system__machine_rounds                            ./system.o
system__max_interrupt_priority                    ./system.o
system__max_priority                              ./system.o
system__multiprocessorsB                          b~tests.o
system__multiprocessorsS                          b~tests.o
system__multiprocessors_E                         ./s-multip.o
system__multiprocessors__fair_locksB              b~tests.o
system__multiprocessors__fair_locksS              b~tests.o
system__multiprocessors__fair_locks_E             ./s-mufalo.o
system__multiprocessors__fair_locks__Tspinning_arrayBIP ./s-mufalo.o
system__multiprocessors__fair_locks__fair_lockIP  ./s-mufalo.o
system__multiprocessors__fair_locks__initialize   ./s-mufalo.o
                                                  ./s-taprob.o
system__multiprocessors__fair_locks__lock         ./s-mufalo.o
                                                  ./s-tpobmu.o
system__multiprocessors__fair_locks__locked       ./s-mufalo.o
system__multiprocessors__fair_locks__multiprocessor ./s-mufalo.o
system__multiprocessors__fair_locks__next_spinning ./s-mufalo.o
system__multiprocessors__fair_locks__try_lock     ./s-mufalo.o
system__multiprocessors__fair_locks__unlock       ./s-mufalo.o
                                                  ./s-tpobmu.o
system__multiprocessors__not_a_specific_cpu       ./s-multip.o
system__multiprocessors__number_of_cpus           ./s-multip.o
                                                  ./s-tarest.o
                                                  ./s-taskin.o
system__multiprocessors__spin_locksB              b~tests.o
system__multiprocessors__spin_locksS              b~tests.o
system__multiprocessors__spin_locks_E             ./s-musplo.o
system__multiprocessors__spin_locks__lock         ./s-musplo.o
system__multiprocessors__spin_locks__locked       ./s-musplo.o
                                                  ./s-mufalo.o
system__multiprocessors__spin_locks__spin_lockIP  ./s-musplo.o
system__multiprocessors__spin_locks__try_lock     ./s-musplo.o
                                                  ./s-mufalo.o
system__multiprocessors__spin_locks__unlock       ./s-musplo.o
                                                  ./s-mufalo.o
system__multiprocessors__spin_locks__unlocked     ./s-musplo.o
system__null_address                              ./system.o
system__os_interfaceS                             b~tests.o
system__os_interface_E                            ./s-osinte.o
system__os_interface__lwp_self                    ./s-osinte.o
system__os_interface__no_interrupt                ./s-osinte.o
system__os_interface__null_thread_id              ./s-osinte.o
system__parametersB                               b~tests.o
system__parametersS                               b~tests.o
system__parameters_E                              ./s-parame.o
system__parameters__adjust_storage_size           ./s-parame.o
                                                  ./s-taskin.o
system__parameters__c_malloc_linkname             ./s-parame.o
system__parameters__default_stack_size            ./s-parame.o
system__parameters__dynamic                       ./s-parame.o
system__parameters__garbage_collected             ./s-parame.o
system__parameters__minimum_stack_size            ./s-parame.o
system__parameters__no_abort                      ./s-parame.o
system__parameters__runtime_traces                ./s-parame.o
system__parameters__sec_stack_dynamic             ./s-parame.o
system__parameters__sec_stack_ratio               ./s-parame.o
system__parameters__single_lock                   ./s-parame.o
system__parameters__stack_grows_down              ./s-parame.o
system__parameters__unspecified_size              ./s-parame.o
system__preallocated_stacks                       ./system.o
system__secondary_stackB                          b~tests.o
system__secondary_stackS                          b~tests.o
system__secondary_stack_E                         ./s-secsta.o
system__secondary_stack__memoryIP                 ./s-secsta.o
system__secondary_stack__ss_allocate              ./s-secsta.o
system__secondary_stack__ss_init                  ./s-secsta.o
                                                  ./s-tarest.o
                                                  ./s-taskin.o
system__secondary_stack__ss_mark                  ./s-secsta.o
system__secondary_stack__ss_pool                  ./s-secsta.o
system__secondary_stack__ss_release               ./s-secsta.o
system__signed_zeros                              ./system.o
system__stack_check_default                       ./system.o
system__stack_check_limits                        ./system.o
system__stack_check_probes                        ./system.o
system__storage_elementsB                         b~tests.o
system__storage_elementsS                         b~tests.o
system__storage_elements_E                        ./s-stoele.o
system__storage_elements__Oadd                    ./s-stoele.o
system__storage_elements__Oadd__2                 ./s-stoele.o
system__storage_elements__Omod                    ./s-stoele.o
system__storage_elements__Osubtract               ./s-stoele.o
system__storage_elements__Osubtract__2            ./s-stoele.o
system__storage_elements__storage_arrayIP         ./s-stoele.o
system__storage_elements__to_address              ./s-stoele.o
system__storage_elements__to_integer              ./s-stoele.o
system__support_64_bit_divides                    ./system.o
system__support_aggregates                        ./system.o
system__support_composite_assign                  ./system.o
system__support_composite_compare                 ./system.o
system__support_long_shifts                       ./system.o
system__suppress_standard_library                 ./system.o
system__system_name                               ./system.o
system__task_infoB                                b~tests.o
system__task_infoS                                b~tests.o
system__task_info_E                               ./s-tasinf.o
system__task_info__unspecified_task_info          ./s-tasinf.o
system__task_primitivesS                          b~tests.o
system__task_primitives_E                         ./s-taspri.o
system__task_primitives__operations(short, long,...)(...)( *) ./s-taprop.o
                                                  ./s-tarest.o
                                                  ./s-tposen.o
                                                  ./s-taskin.o
system__task_primitives__operations(short,...)(long, float) ./s-taprop.o
                                                  ./s-tarest.o
                                                  ./s-tposen.o
                                                  ./s-tpobmu.o
                                                  ./s-taskin.o
                                                  ./a-retide.o
system__task_primitives__operationsB              b~tests.o
system__task_primitives__operationsS              b~tests.o
system__task_primitives__operations_E             ./s-taprop.o
system__task_primitives__operations__create_task  ./s-taprop.o
                                                  ./s-tarest.o
system__task_primitives__operations__delay_until  ./s-taprop.o
                                                  ./a-retide.o
system__task_primitives__operations__enter_task   ./s-taprop.o
                                                  ./s-tarest.o
system__task_primitives__operations__get_affinity ./s-taprop.o
system__task_primitives__operations__get_cpu      ./s-taprop.o
                                                  ./s-tpobmu.o
system__task_primitives__operations__get_priority ./s-taprop.o
                                                  ./s-tpobmu.o
                                                  ./s-taprob.o
system__task_primitives__operations__get_thread_id ./s-taprop.o
system__task_primitives__operations__initialize   ./s-taprop.o
                                                  ./s-taskin.o
system__task_primitives__operations__initialize_slave ./s-taprop.o
                                                  ./s-taskin.o
system__task_primitives__operations__initialize_tcb ./s-taprop.o
                                                  ./s-taskin.o
system__task_primitives__operations__is_task_context ./s-taprop.o
system__task_primitives__operations__monotonic_clock ./s-taprop.o
                                                  ./a-reatim.o
system__task_primitives__operations__set_priority ./s-taprop.o
                                                  ./s-tarest.o
                                                  ./s-taprob.o
                                                  ./s-taskin.o
system__task_primitives__operations__wakeup       ./s-taprop.o
                                                  ./s-tposen.o
                                                  ./s-tpobmu.o
system__task_primitives__private_dataIP           ./s-taspri.o
system__tasking(short,...)(long, float)           ./s-taskin.o
                                                  ./s-tarest.o
                                                  ./s-taprob.o
system__taskingB                                  b~tests.o
system__taskingS                                  b~tests.o
system__tasking_E                                 ./s-taskin.o
system__tasking__E5sIP                            ./s-taskin.o
system__tasking__Tenvironment_tableBIP            ./s-taskin.o
system__tasking__activation_chainIP               ./s-taskin.o
system__tasking__debugB                           b~tests.o
system__tasking__debugS                           b~tests.o
system__tasking__debug_E                          ./s-tasdeb.o
system__tasking__debug__add_task_id               ./s-tasdeb.o
                                                  ./s-taprop.o
system__tasking__debug__first_task                ./s-tasdeb.o
system__tasking__debug__last_task                 ./s-tasdeb.o
system__tasking__fall_back_handler                ./s-taskin.o
                                                  ./s-tarest.o
system__tasking__initialize                       ./s-taskin.o
                                                  ./s-tarest.o
                                                  ./s-taprob.o
                                                  ./a-reatim.o
system__tasking__initialize_atcb                  ./s-taskin.o
                                                  ./s-tarest.o
system__tasking__library_task_level               ./s-taskin.o
system__tasking__null_task                        ./s-taskin.o
system__tasking__protected_objectsB               b~tests.o
system__tasking__protected_objectsS               b~tests.o
system__tasking__protected_objects_E              ./s-taprob.o
                                                  b~tests.o
system__tasking__protected_objects___elabb        ./s-taprob.o
                                                  b~tests.o
system__tasking__protected_objects__entry_bodyIP  ./s-taprob.o
system__tasking__protected_objects__initialize_protection ./s-taprob.o
                                                  ./nxt-motor_encoders.o
                                                  ./nxt-audio.o
                                                  ./s-tposen.o
system__tasking__protected_objects__lock          ./s-taprob.o
                                                  ./nxt-motor_encoders.o
                                                  ./nxt-audio.o
                                                  ./s-tposen.o
system__tasking__protected_objects__multiprocessors(short,...)(long double, void,...)(double) ./s-tpobmu.o
system__tasking__protected_objects__multiprocessorsB b~tests.o
system__tasking__protected_objects__multiprocessorsS b~tests.o
system__tasking__protected_objects__multiprocessors_E ./s-tpobmu.o
                                                  b~tests.o
system__tasking__protected_objects__multiprocessors___elabb ./s-tpobmu.o
                                                  b~tests.o
system__tasking__protected_objects__multiprocessors__entry_call_listIP ./s-tpobmu.o
system__tasking__protected_objects__multiprocessors__wakeup_served_entry ./s-tpobmu.o
system__tasking__protected_objects__null_po       ./s-taprob.o
system__tasking__protected_objects__protectionIP  ./s-taprob.o
system__tasking__protected_objects__single_entryB b~tests.o
system__tasking__protected_objects__single_entryS b~tests.o
system__tasking__protected_objects__single_entry_E ./s-tposen.o
system__tasking__protected_objects__single_entry__complete_single_entry_body ./s-tposen.o
                                                  ./nxt-twi.o
                                                  ./nxt-spi.o
system__tasking__protected_objects__single_entry__initialize_protection_entry ./s-tposen.o
                                                  ./nxt-twi.o
                                                  ./nxt-spi.o
system__tasking__protected_objects__single_entry__lock_entry ./s-tposen.o
                                                  ./nxt-twi.o
                                                  ./nxt-spi.o
system__tasking__protected_objects__single_entry__multiprocessor ./s-tposen.o
system__tasking__protected_objects__single_entry__protected_count_entry ./s-tposen.o
system__tasking__protected_objects__single_entry__protected_single_entry_call ./s-tposen.o
                                                  ./nxt-twi.o
                                                  ./nxt-spi.o
system__tasking__protected_objects__single_entry__protected_single_entry_caller ./s-tposen.o
system__tasking__protected_objects__single_entry__service_entry ./s-tposen.o
                                                  ./nxt-twi.o
                                                  ./nxt-spi.o
system__tasking__protected_objects__single_entry__unlock_entry ./s-tposen.o
system__tasking__protected_objects__unlock        ./s-taprob.o
                                                  ./nxt-motor_encoders.o
                                                  ./nxt-audio.o
                                                  ./s-tposen.o
system__tasking__restrictedS                      b~tests.o
system__tasking__restricted_E                     ./s-tasres.o
system__tasking__restricted__stagesB              b~tests.o
system__tasking__restricted__stagesS              b~tests.o
system__tasking__restricted__stages_E             ./s-tarest.o
                                                  b~tests.o
system__tasking__restricted__stages___elabb       ./s-tarest.o
                                                  b~tests.o
system__tasking__restricted__stages__activate_restricted_tasks ./s-tarest.o
                                                  ./nxt-avr.o
system__tasking__restricted__stages__complete_restricted_activation ./s-tarest.o
                                                  ./nxt-avr.o
system__tasking__restricted__stages__complete_restricted_task ./s-tarest.o
system__tasking__restricted__stages__create_restricted_task ./s-tarest.o
                                                  ./nxt-avr.o
system__tasking__restricted__stages__finalize_global_tasks ./s-tarest.o
system__tasking__restricted__stages__restricted_terminated ./s-tarest.o
system__tasking__storage_size                     ./s-taskin.o
system__tasking__unspecified_priority             ./s-taskin.o
system__unsigned_typesS                           b~tests.o
system__unsigned_types_E                          ./s-unstyp.o
system__unsigned_types__packed_bytes1IP           ./s-unstyp.o
system__use_ada_main_program_name                 ./system.o
system__zcx_by_default                            ./system.o
tasking_error                                     ./s-taskin.o
testsB                                            b~tests.o
undef_handler                                     init.o
                                                  vectors.o
